<(0.2727077 , 0.018180513) , 0.017453293>
<(0.2727077 , 0.018180513) , 0.026179939>
<(0.2727077 , 0.018180513) , 0.1>
<(0.2727077 , 0.018180513) , 1.5707963>
<(15.625d , 1.0416667d) , 1d>
<(15.625d , 1.0416667d) , 1.5d>
<(15.625d , 1.0416667d) , 5.729578d>
<(15.625d , 1.0416667d) , 90d>
<( 15d 37m 30s , + 1d  2m 30s) ,  1d  0m 0s>
<( 15d 37m 30s , + 1d  2m 30s) ,  1d 30m 0s>
<( 15d 37m 30s , + 1d  2m 30s) ,  5d 43m 46.480625s>
<( 15d 37m 30s , + 1d  2m 30s) , 90d  0m 0s>
<(  1h  2m 30s , + 1d  2m 30s) ,  1d  0m 0s>
<(  1h  2m 30s , + 1d  2m 30s) ,  1d 30m 0s>
<(  1h  2m 30s , + 1d  2m 30s) ,  5d 43m 46.480625s>
<(  1h  2m 30s , + 1d  2m 30s) , 90d  0m 0s>
1
1
19.8
13.0
20.0
0.499999999999953
0.0
87.0
178.0
( 15d 37m 30s , + 1d  2m 30s)
( 15d 37m 30s , +90d  0m 0s)
<(  0d  0m 0s , + 0d  0m 0s) ,  0d  0m 0s>
<(  0d  0m 0s , +90d  0m 0s) ,  0d  0m 0s>
<(  0d  0m 0s , -90d  0m 0s) ,  0d  0m 0s>
1
1
1
1
1
1
0
0
0
0
0
0
0
0
1
1
1
1
1
1
1
1
0
0
( 15d 30m 45s , + 1d  2m 3s)
( 15d 30m 45s , +90d  0m 0s)
19.8
13.0
20.0
0.499999999999953
0.0
87.0
178.0
1
1
1
1
0
0
0
0
1
1
1
1
0
0
0
0
1
1
1
1
1
1
0
0
0
0
1
1
1
1
1
1
0
0
0
0
