0
0
1
0
1
1
1
1
0
1
0
0
0
0
1
0
1
1
1
1
0
1
0
0
0
0
0
1
0
1
0
1
0
0
0
1
0
1
0
1
3.0
0
1
1
0
1
1
1
0
1
1
1
1
1
0
0
0
1
0
1
0
1
1
1
0
0
1
1
0
1
{(0 , 1),(1 , 1),(1 , 0)}
(45d , 30d)
(1d , -5d)
