1
0
1
0
1
0
1
(15.625d , 1.0416667d)
(0.625d , 0.041666667d)
(15.875d , -1.051d)
(0.875d , -0.051d)
(0.625d , 90d)
(0.625d , -90d)
( 15d 37m 30s , + 1d  2m 30s)
(  0d 37m 30s , + 0d  2m 30s)
( 15d 37m 30s , - 1d  2m 30s)
(  0d 37m 30s , - 0d  2m 30s)
(  0d 37m 30s , +90d  0m 0s)
(  0d 37m 30s , -90d  0m 0s)
(  1h  2m 30s , + 1d  2m 30s)
(  0h  2m 30s , + 0d  2m 30s)
(  1h  2m 30s , - 1d  2m 30s)
(  0h  2m 30s , - 0d  2m 30s)
(  0h  2m 30s , +90d  0m 0s)
(  0h  2m 30s , -90d  0m 0s)
(0 , 0)
(180.625d , 85d)
(0.625d , 5d)
(359.375d , -5d)
(180.625d , -85d)
(0.625d , -0.041666667d)
(0.625d , -0.041666667d)
(359.95833d , 0d)
(0 , 0)
(2.1415927 , 0)
0.00872664625996925
0.174532925199433
0.174532925199433
0.0
0.349065850398866
0.0
0.0
0.0109083078249646
3.15250096141476
0.0109083078249646
3.15250096141476
0.0109083078249646
0.0109083078249646
0.0109083078249646
0.0109083078249643
3.15250096141476
0.0109083078249643
3.15250096141476
0.0109083078249643
0.0109083078249643
0.0109083078249643
0.0
1.48352986419518
1.48352986419518
-1.48352986419518
-1.48352986419518
1.5707963267949
-1.5707963267949
0.0
1.48352986419518
1.48352986419518
-1.48352986419518
-1.48352986419518
1.5707963267949
-1.5707963267949
6.12323399573677e-17
0.0
-1.0
1
1
1
1
1
1
1
1
0
0
0
0
0
0
0
0
0
0
0
1
1
1
0.00872664625996925
0.174532925199433
0.174532925199433
0.0
0.349065850398866
0.0
0.0
