1
1
1
0
0
1
1
0
0
0
1
1
0
1
1
0
0
0
1
0
0
1
1
1
1
1
1
1
1
1
1
1
1
1
1
1
1
1
0
1
1
1
0
0
1
1
{(10d , 0d),(10d , 1d),(15d , 0d)}
{(359d , 0d),(359d , 1d),(4d , 0d)}
{(10d , 0d),(10d , 1d),(15d , 0d)}
3
4
1.0
0.125
1
1
1
1
0
0
0
0
0
0
1
1
1
1
1
1
1
1
1
1
1
1
0
0
0
1
1
1
1
1
1
1
1
0
0
0
1
1
1
1
1
0
0
0
0
0
0
1
1
1
1
1
0
0
0
0
0
0
0
0
1
1
1
1
1
0
0
0
0
0
0
1
1
1
1
1
0
0
0
0
0
0
1
1
1
1
1
1
1
1
1
1
1
1
1
0
0
0
0
1
1
1
1
1
1
1
1
1
1
1
1
1
0
0
0
0
1
1
1
1
1
1
1
0
0
0
0
1
1
1
1
1
1
1
0
0
0
0
1
1
1
1
1
1
1
1
1
1
1
1
1
1
1
1
1
0
0
0
0
0
0
0
1
0
1
1
1
1
0
1
0
0
0
0
1
0
1
1
1
1
0
1
0
0
0
0
0
1
0
1
0
1
0
0
0
1
0
1
0
1
0
0
0
1
0
1
0
1
0
0
0
1
0
1
0
1
{(0d , 57.29578d),(57.29578d , 57.29578d),(57.29578d , 0d)}
1
1
4
